ASDSAD
asdasd
